// Jest Snapshot v1, https://goo.gl/fbAQLP

exports[`Search component test renders correctly 1`] = `
<RCTSafeAreaView
  emulateUnlessSupported={true}
  style={
    Object {
      "flex": 1,
      "height": "100%",
      "width": "100%",
    }
  }
>
  <View
    style={
      Object {
        "flexDirection": "row",
        "justifyContent": "space-between",
        "marginHorizontal": 12,
        "marginVertical": 12,
      }
    }
  >
    <View
      style={
        Object {
          "backgroundColor": "#1b1f241a",
          "borderRadius": 8,
          "flex": 1,
          "flexDirection": "row",
          "marginHorizontal": 4,
          "marginVertical": 2,
          "overflow": "hidden",
          "paddingRight": 4,
        }
      }
    >
      <Text
        allowFontScaling={false}
        style={
          Array [
            Object {
              "color": undefined,
              "fontSize": 16,
            },
            Object {
              "alignSelf": "center",
              "color": "#6a737d",
              "marginHorizontal": 8,
            },
            Object {
              "fontFamily": "Octicons",
              "fontStyle": "normal",
              "fontWeight": "normal",
            },
            Object {},
          ]
        }
      >
        ï†—
      </Text>
      <TextInput
        onChangeText={[Function]}
        onSubmitEditing={[Function]}
        placeholder="Search Repository"
        value=""
      />
    </View>
    <View
      accessibilityRole="button"
      accessible={true}
      collapsable={false}
      focusable={true}
      nativeID="animatedComponent"
      onClick={[Function]}
      onResponderGrant={[Function]}
      onResponderMove={[Function]}
      onResponderRelease={[Function]}
      onResponderTerminate={[Function]}
      onResponderTerminationRequest={[Function]}
      onStartShouldSetResponder={[Function]}
      style={
        Object {
          "opacity": 1,
        }
      }
    >
      <View
        style={
          Array [
            Object {},
          ]
        }
      >
        <Text
          style={
            Array [
              Object {
                "color": "#007AFF",
                "fontSize": 18,
                "margin": 8,
                "textAlign": "center",
              },
            ]
          }
        >
          Cancel
        </Text>
      </View>
    </View>
  </View>
  <View
    style={
      Object {
        "flex": 1,
      }
    }
  >
    <RCTScrollView
      ListFooterComponent={null}
      ListHeaderComponent={
        <Text
          style={
            Object {
              "color": "#24292f",
              "fontSize": 16,
              "marginBottom": 12,
            }
          }
        >
          0
           repository results
        </Text>
      }
      data={Array []}
      getItem={[Function]}
      getItemCount={[Function]}
      keyExtractor={[Function]}
      onContentSizeChange={[Function]}
      onEndReached={[Function]}
      onLayout={[Function]}
      onMomentumScrollBegin={[Function]}
      onMomentumScrollEnd={[Function]}
      onScroll={[Function]}
      onScrollBeginDrag={[Function]}
      onScrollEndDrag={[Function]}
      removeClippedSubviews={false}
      renderItem={[Function]}
      scrollEventThrottle={50}
      stickyHeaderIndices={Array []}
      style={
        Object {
          "paddingHorizontal": 16,
        }
      }
      viewabilityConfigCallbackPairs={Array []}
    >
      <View>
        <View
          onLayout={[Function]}
        >
          <Text
            style={
              Object {
                "color": "#24292f",
                "fontSize": 16,
                "marginBottom": 12,
              }
            }
          >
            0
             repository results
          </Text>
        </View>
      </View>
    </RCTScrollView>
  </View>
</RCTSafeAreaView>
`;
